Release 14.7 - xst P.20131013 (nt)
Copyright (c) 1995-2013 Xilinx, Inc.  All rights reserved.
--> Parameter TMPDIR set to xst/projnav.tmp


Total REAL time to Xst completion: 0.00 secs
Total CPU time to Xst completion: 0.05 secs
 
--> Parameter xsthdpdir set to xst


Total REAL time to Xst completion: 0.00 secs
Total CPU time to Xst completion: 0.05 secs
 
--> Reading design: uart_rx.prj

TABLE OF CONTENTS
  1) Synthesis Options Summary
  2) HDL Parsing
  3) HDL Elaboration
  4) HDL Synthesis
       4.1) HDL Synthesis Report
  5) Advanced HDL Synthesis
       5.1) Advanced HDL Synthesis Report
  6) Low Level Synthesis
  7) Partition Report
  8) Design Summary
       8.1) Primitive and Black Box Usage
       8.2) Device utilization summary
       8.3) Partition Resource Summary
       8.4) Timing Report
            8.4.1) Clock Information
            8.4.2) Asynchronous Control Signals Information
            8.4.3) Timing Summary
            8.4.4) Timing Details
            8.4.5) Cross Clock Domains Report


=========================================================================
*                      Synthesis Options Summary                        *
=========================================================================
---- Source Parameters
Input File Name                    : "uart_rx.prj"
Ignore Synthesis Constraint File   : NO

---- Target Parameters
Output File Name                   : "uart_rx"
Output Format                      : NGC
Target Device                      : xc6slx9-2-tqg144

---- Source Options
Top Module Name                    : uart_rx
Automatic FSM Extraction           : YES
FSM Encoding Algorithm             : Auto
Safe Implementation                : No
FSM Style                          : LUT
RAM Extraction                     : Yes
RAM Style                          : Auto
ROM Extraction                     : Yes
Shift Register Extraction          : YES
ROM Style                          : Auto
Resource Sharing                   : YES
Asynchronous To Synchronous        : NO
Shift Register Minimum Size        : 2
Use DSP Block                      : Auto
Automatic Register Balancing       : No

---- Target Options
LUT Combining                      : Auto
Reduce Control Sets                : Auto
Add IO Buffers                     : YES
Global Maximum Fanout              : 100000
Add Generic Clock Buffer(BUFG)     : 16
Register Duplication               : YES
Optimize Instantiated Primitives   : NO
Use Clock Enable                   : Auto
Use Synchronous Set                : Auto
Use Synchronous Reset              : Auto
Pack IO Registers into IOBs        : Auto
Equivalent register Removal        : YES

---- General Options
Optimization Goal                  : Speed
Optimization Effort                : 1
Power Reduction                    : NO
Keep Hierarchy                     : No
Netlist Hierarchy                  : As_Optimized
RTL Output                         : Yes
Global Optimization                : AllClockNets
Read Cores                         : YES
Write Timing Constraints           : NO
Cross Clock Analysis               : NO
Hierarchy Separator                : /
Bus Delimiter                      : <>
Case Specifier                     : Maintain
Slice Utilization Ratio            : 100
BRAM Utilization Ratio             : 100
DSP48 Utilization Ratio            : 100
Auto BRAM Packing                  : NO
Slice Utilization Ratio Delta      : 5

=========================================================================


=========================================================================
*                          HDL Parsing                                  *
=========================================================================
Analyzing Verilog file "D:\5th May\uart17_may\receiver_trans.v" into library work
Parsing module <uart_rx>.
INFO:HDLCompiler:693 - "D:\5th May\uart17_may\receiver_trans.v" Line 24. parameter declaration becomes local in uart_rx with formal parameter declaration list
INFO:HDLCompiler:693 - "D:\5th May\uart17_may\receiver_trans.v" Line 25. parameter declaration becomes local in uart_rx with formal parameter declaration list
INFO:HDLCompiler:693 - "D:\5th May\uart17_may\receiver_trans.v" Line 26. parameter declaration becomes local in uart_rx with formal parameter declaration list
INFO:HDLCompiler:693 - "D:\5th May\uart17_may\receiver_trans.v" Line 27. parameter declaration becomes local in uart_rx with formal parameter declaration list
INFO:HDLCompiler:693 - "D:\5th May\uart17_may\receiver_trans.v" Line 28. parameter declaration becomes local in uart_rx with formal parameter declaration list

=========================================================================
*                            HDL Elaboration                            *
=========================================================================

Elaborating module <uart_rx>.
WARNING:HDLCompiler:413 - "D:\5th May\uart17_may\receiver_trans.v" Line 85: Result of 9-bit expression is truncated to fit in 8-bit target.
WARNING:HDLCompiler:413 - "D:\5th May\uart17_may\receiver_trans.v" Line 96: Result of 9-bit expression is truncated to fit in 8-bit target.
WARNING:HDLCompiler:413 - "D:\5th May\uart17_may\receiver_trans.v" Line 107: Result of 4-bit expression is truncated to fit in 3-bit target.
WARNING:HDLCompiler:413 - "D:\5th May\uart17_may\receiver_trans.v" Line 125: Result of 9-bit expression is truncated to fit in 8-bit target.

=========================================================================
*                           HDL Synthesis                               *
=========================================================================

Synthesizing Unit <uart_rx>.
    Related source file is "D:\5th May\uart17_may\receiver_trans.v".
        CLKS_PER_BIT = 104
    Found 1-bit register for signal <r_Rx_Data>.
    Found 1-bit register for signal <outsingle>.
    Found 3-bit register for signal <r_SM_Main>.
    Found 8-bit register for signal <r_Clock_Count>.
    Found 1-bit register for signal <r_Rx_Byte<7>>.
    Found 1-bit register for signal <r_Rx_Byte<6>>.
    Found 1-bit register for signal <r_Rx_Byte<5>>.
    Found 1-bit register for signal <r_Rx_Byte<4>>.
    Found 1-bit register for signal <r_Rx_Byte<3>>.
    Found 1-bit register for signal <r_Rx_Byte<2>>.
    Found 1-bit register for signal <r_Rx_Byte<1>>.
    Found 1-bit register for signal <r_Rx_Byte<0>>.
    Found 3-bit register for signal <r_Bit_Index>.
    Found 1-bit register for signal <led_out>.
    Found 1-bit register for signal <led_out1>.
    Found 1-bit register for signal <led_out2>.
    Found finite state machine <FSM_0> for signal <r_SM_Main>.
    -----------------------------------------------------------------------
    | States             | 5                                              |
    | Transitions        | 11                                             |
    | Inputs             | 4                                              |
    | Outputs            | 3                                              |
    | Clock              | i_Clock (rising_edge)                          |
    | Power Up State     | 000                                            |
    | Encoding           | auto                                           |
    | Implementation     | LUT                                            |
    -----------------------------------------------------------------------
    Found 3-bit adder for signal <r_Bit_Index[2]_GND_1_o_add_15_OUT> created at line 107.
    Found 8-bit adder for signal <r_Clock_Count[7]_GND_1_o_add_23_OUT> created at line 125.
    Found 3-bit comparator greater for signal <r_Bit_Index[2]_PWR_1_o_LessThan_15_o> created at line 105
    Found 8-bit comparator greater for signal <r_Clock_Count[7]_GND_1_o_LessThan_12_o> created at line 123
    Summary:
	inferred   2 Adder/Subtractor(s).
	inferred  24 D-type flip-flop(s).
	inferred   2 Comparator(s).
	inferred   6 Multiplexer(s).
	inferred   1 Finite State Machine(s).
Unit <uart_rx> synthesized.

=========================================================================
HDL Synthesis Report

Macro Statistics
# Adders/Subtractors                                   : 2
 3-bit adder                                           : 1
 8-bit adder                                           : 1
# Registers                                            : 15
 1-bit register                                        : 13
 3-bit register                                        : 1
 8-bit register                                        : 1
# Comparators                                          : 2
 3-bit comparator greater                              : 1
 8-bit comparator greater                              : 1
# Multiplexers                                         : 6
 3-bit 2-to-1 multiplexer                              : 2
 8-bit 2-to-1 multiplexer                              : 4
# FSMs                                                 : 1

=========================================================================

=========================================================================
*                       Advanced HDL Synthesis                          *
=========================================================================


=========================================================================
Advanced HDL Synthesis Report

Macro Statistics
# Adders/Subtractors                                   : 2
 3-bit adder                                           : 1
 8-bit adder                                           : 1
# Registers                                            : 24
 Flip-Flops                                            : 24
# Comparators                                          : 2
 3-bit comparator greater                              : 1
 8-bit comparator greater                              : 1
# Multiplexers                                         : 6
 3-bit 2-to-1 multiplexer                              : 2
 8-bit 2-to-1 multiplexer                              : 4
# FSMs                                                 : 1

=========================================================================

=========================================================================
*                         Low Level Synthesis                           *
=========================================================================
Analyzing FSM <MFsm> for best encoding.
Optimizing FSM <FSM_0> on signal <r_SM_Main[1:3]> with user encoding.
-------------------
 State | Encoding
-------------------
 000   | 000
 001   | 001
 010   | 010
 011   | 011
 100   | 100
-------------------

Optimizing unit <uart_rx> ...

Mapping all equations...
Building and optimizing final netlist ...
Found area constraint ratio of 100 (+ 5) on block uart_rx, actual ratio is 0.

Final Macro Processing ...

=========================================================================
Final Register Report

Macro Statistics
# Registers                                            : 27
 Flip-Flops                                            : 27

=========================================================================

=========================================================================
*                           Partition Report                            *
=========================================================================

Partition Implementation Status
-------------------------------

  No Partitions were found in this design.

-------------------------------

=========================================================================
*                            Design Summary                             *
=========================================================================

Top Level Output File Name         : uart_rx.ngc

Primitive and Black Box Usage:
------------------------------
# BELS                             : 53
#      INV                         : 2
#      LUT2                        : 6
#      LUT3                        : 8
#      LUT4                        : 4
#      LUT5                        : 16
#      LUT6                        : 16
#      MUXF7                       : 1
# FlipFlops/Latches                : 27
#      FD                          : 5
#      FDE                         : 19
#      FDR                         : 1
#      FDS                         : 2
# Clock Buffers                    : 1
#      BUFGP                       : 1
# IO Buffers                       : 13
#      IBUF                        : 1
#      OBUF                        : 12

Device utilization summary:
---------------------------

Selected Device : 6slx9tqg144-2 


Slice Logic Utilization: 
 Number of Slice Registers:              27  out of  11440     0%  
 Number of Slice LUTs:                   52  out of   5720     0%  
    Number used as Logic:                52  out of   5720     0%  

Slice Logic Distribution: 
 Number of LUT Flip Flop pairs used:     53
   Number with an unused Flip Flop:      26  out of     53    49%  
   Number with an unused LUT:             1  out of     53     1%  
   Number of fully used LUT-FF pairs:    26  out of     53    49%  
   Number of unique control sets:         7

IO Utilization: 
 Number of IOs:                          14
 Number of bonded IOBs:                  14  out of    102    13%  

Specific Feature Utilization:
 Number of BUFG/BUFGCTRLs:                1  out of     16     6%  

---------------------------
Partition Resource Summary:
---------------------------

  No Partitions were found in this design.

---------------------------


=========================================================================
Timing Report

NOTE: THESE TIMING NUMBERS ARE ONLY A SYNTHESIS ESTIMATE.
      FOR ACCURATE TIMING INFORMATION PLEASE REFER TO THE TRACE REPORT
      GENERATED AFTER PLACE-and-ROUTE.

Clock Information:
------------------
-----------------------------------+------------------------+-------+
Clock Signal                       | Clock buffer(FF name)  | Load  |
-----------------------------------+------------------------+-------+
i_Clock                            | BUFGP                  | 27    |
-----------------------------------+------------------------+-------+

Asynchronous Control Signals Information:
----------------------------------------
No asynchronous control signals found in this design

Timing Summary:
---------------
Speed Grade: -2

   Minimum period: 4.587ns (Maximum Frequency: 218.007MHz)
   Minimum input arrival time before clock: 2.083ns
   Maximum output required time after clock: 4.380ns
   Maximum combinational path delay: No path found

Timing Details:
---------------
All values displayed in nanoseconds (ns)

=========================================================================
Timing constraint: Default period analysis for Clock 'i_Clock'
  Clock period: 4.587ns (frequency: 218.007MHz)
  Total number of paths / destination ports: 504 / 48
-------------------------------------------------------------------------
Delay:               4.587ns (Levels of Logic = 3)
  Source:            r_Clock_Count_3 (FF)
  Destination:       r_Clock_Count_2 (FF)
  Source Clock:      i_Clock rising
  Destination Clock: i_Clock rising

  Data Path: r_Clock_Count_3 to r_Clock_Count_2
                                Gate     Net
    Cell:in->out      fanout   Delay   Delay  Logical Name (Net Name)
    ----------------------------------------  ------------
     FDE:C->Q              6   0.525   1.306  r_Clock_Count_3 (r_Clock_Count_3)
     LUT6:I1->O            9   0.254   0.976  r_Clock_Count[7]_GND_1_o_LessThan_12_o11 (r_Clock_Count[7]_GND_1_o_LessThan_12_o1)
     LUT3:I2->O            8   0.254   0.944  r_Clock_Count[7]_GND_1_o_LessThan_12_o12 (r_Clock_Count[7]_GND_1_o_LessThan_12_o)
     LUT5:I4->O            1   0.254   0.000  r_SM_Main_FSM_FFd2-In1 (r_SM_Main_FSM_FFd2-In)
     FD:D                      0.074          r_SM_Main_FSM_FFd2
    ----------------------------------------
    Total                      4.587ns (1.361ns logic, 3.226ns route)
                                       (29.7% logic, 70.3% route)

=========================================================================
Timing constraint: Default OFFSET IN BEFORE for Clock 'i_Clock'
  Total number of paths / destination ports: 1 / 1
-------------------------------------------------------------------------
Offset:              2.083ns (Levels of Logic = 1)
  Source:            i_Rx_Serial (PAD)
  Destination:       r_Rx_Data (FF)
  Destination Clock: i_Clock rising

  Data Path: i_Rx_Serial to r_Rx_Data
                                Gate     Net
    Cell:in->out      fanout   Delay   Delay  Logical Name (Net Name)
    ----------------------------------------  ------------
     IBUF:I->O             1   1.328   0.681  i_Rx_Serial_IBUF (i_Rx_Serial_IBUF)
     FD:D                      0.074          r_Rx_Data
    ----------------------------------------
    Total                      2.083ns (1.402ns logic, 0.681ns route)
                                       (67.3% logic, 32.7% route)

=========================================================================
Timing constraint: Default OFFSET OUT AFTER for Clock 'i_Clock'
  Total number of paths / destination ports: 12 / 12
-------------------------------------------------------------------------
Offset:              4.380ns (Levels of Logic = 1)
  Source:            r_Rx_Byte_7 (FF)
  Destination:       o_Rx_Byte<7> (PAD)
  Source Clock:      i_Clock rising

  Data Path: r_Rx_Byte_7 to o_Rx_Byte<7>
                                Gate     Net
    Cell:in->out      fanout   Delay   Delay  Logical Name (Net Name)
    ----------------------------------------  ------------
     FDE:C->Q              8   0.525   0.943  r_Rx_Byte_7 (r_Rx_Byte_7)
     OBUF:I->O                 2.912          o_Rx_Byte_7_OBUF (o_Rx_Byte<7>)
    ----------------------------------------
    Total                      4.380ns (3.437ns logic, 0.943ns route)
                                       (78.5% logic, 21.5% route)

=========================================================================

Cross Clock Domains Report:
--------------------------

Clock to Setup on destination clock i_Clock
---------------+---------+---------+---------+---------+
               | Src:Rise| Src:Fall| Src:Rise| Src:Fall|
Source Clock   |Dest:Rise|Dest:Rise|Dest:Fall|Dest:Fall|
---------------+---------+---------+---------+---------+
i_Clock        |    4.587|         |         |         |
---------------+---------+---------+---------+---------+

=========================================================================


Total REAL time to Xst completion: 2.00 secs
Total CPU time to Xst completion: 2.09 secs
 
--> 

Total memory usage is 225964 kilobytes

Number of errors   :    0 (   0 filtered)
Number of warnings :    4 (   0 filtered)
Number of infos    :    0 (   0 filtered)

