--------------------------------------------------------------------------------
Release 14.7 Trace  (nt)
Copyright (c) 1995-2013 Xilinx, Inc.  All rights reserved.

C:\Xilinx\14.7\ISE_DS\ISE\bin\nt\unwrapped\trce.exe -intstyle ise -v 3 -s 2 -n
3 -fastpaths -xml uart_rx.twx uart_rx.ncd -o uart_rx.twr uart_rx.pcf -ucf
cnstrn.ucf

Design file:              uart_rx.ncd
Physical constraint file: uart_rx.pcf
Device,package,speed:     xc6slx9,tqg144,C,-2 (PRODUCTION 1.23 2013-10-13)
Report level:             verbose report

Environment Variable      Effect 
--------------------      ------ 
NONE                      No environment variables were set
--------------------------------------------------------------------------------

INFO:Timing:2698 - No timing constraints found, doing default enumeration.
INFO:Timing:3412 - To improve timing, see the Timing Closure User Guide (UG612).
INFO:Timing:2752 - To get complete path coverage, use the unconstrained paths 
   option. All paths that are not constrained will be reported in the 
   unconstrained paths section(s) of the report.
INFO:Timing:3339 - The clock-to-out numbers in this timing report are based on 
   a 50 Ohm transmission line loading model.  For the details of this model, 
   and for more information on accounting for different loading conditions, 
   please see the device datasheet.



Data Sheet report:
-----------------
All values displayed in nanoseconds (ns)

Setup/Hold to clock i_Clock
------------+------------+------------+------------+------------+------------------+--------+
            |Max Setup to|  Process   |Max Hold to |  Process   |                  | Clock  |
Source      | clk (edge) |   Corner   | clk (edge) |   Corner   |Internal Clock(s) | Phase  |
------------+------------+------------+------------+------------+------------------+--------+
i_Rx_Serial |    1.868(R)|      SLOW  |   -0.411(R)|      SLOW  |i_Clock_BUFGP     |   0.000|
------------+------------+------------+------------+------------+------------------+--------+

Clock i_Clock to Pad
------------+-----------------+------------+-----------------+------------+------------------+--------+
            |Max (slowest) clk|  Process   |Min (fastest) clk|  Process   |                  | Clock  |
Destination |  (edge) to PAD  |   Corner   |  (edge) to PAD  |   Corner   |Internal Clock(s) | Phase  |
------------+-----------------+------------+-----------------+------------+------------------+--------+
led_out     |         9.836(R)|      SLOW  |         4.409(R)|      FAST  |i_Clock_BUFGP     |   0.000|
led_out1    |        10.093(R)|      SLOW  |         4.540(R)|      FAST  |i_Clock_BUFGP     |   0.000|
led_out2    |        10.131(R)|      SLOW  |         4.545(R)|      FAST  |i_Clock_BUFGP     |   0.000|
o_Rx_Byte<0>|         9.983(R)|      SLOW  |         4.480(R)|      FAST  |i_Clock_BUFGP     |   0.000|
o_Rx_Byte<1>|        10.078(R)|      SLOW  |         4.546(R)|      FAST  |i_Clock_BUFGP     |   0.000|
o_Rx_Byte<2>|        10.584(R)|      SLOW  |         4.861(R)|      FAST  |i_Clock_BUFGP     |   0.000|
o_Rx_Byte<3>|        10.565(R)|      SLOW  |         4.842(R)|      FAST  |i_Clock_BUFGP     |   0.000|
o_Rx_Byte<4>|        10.489(R)|      SLOW  |         4.763(R)|      FAST  |i_Clock_BUFGP     |   0.000|
o_Rx_Byte<5>|        10.736(R)|      SLOW  |         4.909(R)|      FAST  |i_Clock_BUFGP     |   0.000|
o_Rx_Byte<6>|        10.632(R)|      SLOW  |         4.862(R)|      FAST  |i_Clock_BUFGP     |   0.000|
o_Rx_Byte<7>|        10.848(R)|      SLOW  |         4.971(R)|      FAST  |i_Clock_BUFGP     |   0.000|
outsingle   |         9.731(R)|      SLOW  |         4.331(R)|      FAST  |i_Clock_BUFGP     |   0.000|
------------+-----------------+------------+-----------------+------------+------------------+--------+

Clock to Setup on destination clock i_Clock
---------------+---------+---------+---------+---------+
               | Src:Rise| Src:Fall| Src:Rise| Src:Fall|
Source Clock   |Dest:Rise|Dest:Rise|Dest:Fall|Dest:Fall|
---------------+---------+---------+---------+---------+
i_Clock        |    3.833|         |         |         |
---------------+---------+---------+---------+---------+


Analysis completed Thu May 18 14:51:32 2023 
--------------------------------------------------------------------------------

Trace Settings:
-------------------------
Trace Settings 

Peak Memory Usage: 167 MB



